<?xml version="1.0"?>
<link_info>
   <banner>TI ARM Linker PC v16.9.6.LTS</banner>
   <copyright>Copyright (c) 1996-2017 Texas Instruments Incorporated</copyright>
   <link_time>0x5d44ece6</link_time>
   <link_errors>0x0</link_errors>
   <output_file>BlinkLED_MSP432P401R.out</output_file>
   <entry_point>
      <name>_c_int00</name>
      <address>0x613d</address>
   </entry_point>
   <input_file_list>
      <input_file id="fl-2">
         <path>.\</path>
         <kind>object</kind>
         <file>LCD_Library.obj</file>
         <name>LCD_Library.obj</name>
      </input_file>
      <input_file id="fl-3">
         <path>.\</path>
         <kind>object</kind>
         <file>SysTick_Library.obj</file>
         <name>SysTick_Library.obj</name>
      </input_file>
      <input_file id="fl-4">
         <path>.\</path>
         <kind>object</kind>
         <file>main.obj</file>
         <name>main.obj</name>
      </input_file>
      <input_file id="fl-5">
         <path>.\</path>
         <kind>object</kind>
         <file>startup_msp432p401r_ccs.obj</file>
         <name>startup_msp432p401r_ccs.obj</name>
      </input_file>
      <input_file id="fl-6">
         <path>.\</path>
         <kind>object</kind>
         <file>system_msp432p401r.obj</file>
         <name>system_msp432p401r.obj</name>
      </input_file>
      <input_file id="fl-7">
         <path>.\driverlib\MSP432P4xx\</path>
         <kind>object</kind>
         <file>adc14.obj</file>
         <name>adc14.obj</name>
      </input_file>
      <input_file id="fl-8">
         <path>.\driverlib\MSP432P4xx\</path>
         <kind>object</kind>
         <file>aes256.obj</file>
         <name>aes256.obj</name>
      </input_file>
      <input_file id="fl-9">
         <path>.\driverlib\MSP432P4xx\</path>
         <kind>object</kind>
         <file>comp_e.obj</file>
         <name>comp_e.obj</name>
      </input_file>
      <input_file id="fl-a">
         <path>.\driverlib\MSP432P4xx\</path>
         <kind>object</kind>
         <file>cpu.obj</file>
         <name>cpu.obj</name>
      </input_file>
      <input_file id="fl-b">
         <path>.\driverlib\MSP432P4xx\</path>
         <kind>object</kind>
         <file>crc32.obj</file>
         <name>crc32.obj</name>
      </input_file>
      <input_file id="fl-c">
         <path>.\driverlib\MSP432P4xx\</path>
         <kind>object</kind>
         <file>cs.obj</file>
         <name>cs.obj</name>
      </input_file>
      <input_file id="fl-d">
         <path>.\driverlib\MSP432P4xx\</path>
         <kind>object</kind>
         <file>dma.obj</file>
         <name>dma.obj</name>
      </input_file>
      <input_file id="fl-e">
         <path>.\driverlib\MSP432P4xx\</path>
         <kind>object</kind>
         <file>flash.obj</file>
         <name>flash.obj</name>
      </input_file>
      <input_file id="fl-f">
         <path>.\driverlib\MSP432P4xx\</path>
         <kind>object</kind>
         <file>fpu.obj</file>
         <name>fpu.obj</name>
      </input_file>
      <input_file id="fl-10">
         <path>.\driverlib\MSP432P4xx\</path>
         <kind>object</kind>
         <file>gpio.obj</file>
         <name>gpio.obj</name>
      </input_file>
      <input_file id="fl-11">
         <path>.\driverlib\MSP432P4xx\</path>
         <kind>object</kind>
         <file>i2c.obj</file>
         <name>i2c.obj</name>
      </input_file>
      <input_file id="fl-12">
         <path>.\driverlib\MSP432P4xx\</path>
         <kind>object</kind>
         <file>interrupt.obj</file>
         <name>interrupt.obj</name>
      </input_file>
      <input_file id="fl-13">
         <path>.\driverlib\MSP432P4xx\</path>
         <kind>object</kind>
         <file>mpu.obj</file>
         <name>mpu.obj</name>
      </input_file>
      <input_file id="fl-14">
         <path>.\driverlib\MSP432P4xx\</path>
         <kind>object</kind>
         <file>pcm.obj</file>
         <name>pcm.obj</name>
      </input_file>
      <input_file id="fl-15">
         <path>.\driverlib\MSP432P4xx\</path>
         <kind>object</kind>
         <file>pmap.obj</file>
         <name>pmap.obj</name>
      </input_file>
      <input_file id="fl-16">
         <path>.\driverlib\MSP432P4xx\</path>
         <kind>object</kind>
         <file>pss.obj</file>
         <name>pss.obj</name>
      </input_file>
      <input_file id="fl-17">
         <path>.\driverlib\MSP432P4xx\</path>
         <kind>object</kind>
         <file>ref_a.obj</file>
         <name>ref_a.obj</name>
      </input_file>
      <input_file id="fl-18">
         <path>.\driverlib\MSP432P4xx\</path>
         <kind>object</kind>
         <file>reset.obj</file>
         <name>reset.obj</name>
      </input_file>
      <input_file id="fl-19">
         <path>.\driverlib\MSP432P4xx\</path>
         <kind>object</kind>
         <file>rtc_c.obj</file>
         <name>rtc_c.obj</name>
      </input_file>
      <input_file id="fl-1a">
         <path>.\driverlib\MSP432P4xx\</path>
         <kind>object</kind>
         <file>spi.obj</file>
         <name>spi.obj</name>
      </input_file>
      <input_file id="fl-1b">
         <path>.\driverlib\MSP432P4xx\</path>
         <kind>object</kind>
         <file>sysctl.obj</file>
         <name>sysctl.obj</name>
      </input_file>
      <input_file id="fl-1c">
         <path>.\driverlib\MSP432P4xx\</path>
         <kind>object</kind>
         <file>systick.obj</file>
         <name>systick.obj</name>
      </input_file>
      <input_file id="fl-1d">
         <path>.\driverlib\MSP432P4xx\</path>
         <kind>object</kind>
         <file>timer32.obj</file>
         <name>timer32.obj</name>
      </input_file>
      <input_file id="fl-1e">
         <path>.\driverlib\MSP432P4xx\</path>
         <kind>object</kind>
         <file>timer_a.obj</file>
         <name>timer_a.obj</name>
      </input_file>
      <input_file id="fl-1f">
         <path>.\driverlib\MSP432P4xx\</path>
         <kind>object</kind>
         <file>uart.obj</file>
         <name>uart.obj</name>
      </input_file>
      <input_file id="fl-20">
         <path>.\driverlib\MSP432P4xx\</path>
         <kind>object</kind>
         <file>wdt_a.obj</file>
         <name>wdt_a.obj</name>
      </input_file>
      <input_file id="fl-24">
         <kind>object</kind>
         <file>&lt;internal&gt;</file>
         <name>&lt;internal&gt;</name>
      </input_file>
      <input_file id="fl-da">
         <path>C:\ti\ccsv7\tools\compiler\ti-cgt-arm_16.9.6.LTS\lib\</path>
         <kind>archive</kind>
         <file>rtsv7M4_T_le_v4SPD16_eabi.lib</file>
         <name>boot.obj</name>
      </input_file>
      <input_file id="fl-db">
         <path>C:\ti\ccsv7\tools\compiler\ti-cgt-arm_16.9.6.LTS\lib\</path>
         <kind>archive</kind>
         <file>rtsv7M4_T_le_v4SPD16_eabi.lib</file>
         <name>copy_decompress_lzss.obj</name>
      </input_file>
      <input_file id="fl-dc">
         <path>C:\ti\ccsv7\tools\compiler\ti-cgt-arm_16.9.6.LTS\lib\</path>
         <kind>archive</kind>
         <file>rtsv7M4_T_le_v4SPD16_eabi.lib</file>
         <name>copy_decompress_none.obj</name>
      </input_file>
      <input_file id="fl-dd">
         <path>C:\ti\ccsv7\tools\compiler\ti-cgt-arm_16.9.6.LTS\lib\</path>
         <kind>archive</kind>
         <file>rtsv7M4_T_le_v4SPD16_eabi.lib</file>
         <name>copy_zero_init.obj</name>
      </input_file>
      <input_file id="fl-de">
         <path>C:\ti\ccsv7\tools\compiler\ti-cgt-arm_16.9.6.LTS\lib\</path>
         <kind>archive</kind>
         <file>rtsv7M4_T_le_v4SPD16_eabi.lib</file>
         <name>exit.obj</name>
      </input_file>
      <input_file id="fl-df">
         <path>C:\ti\ccsv7\tools\compiler\ti-cgt-arm_16.9.6.LTS\lib\</path>
         <kind>archive</kind>
         <file>rtsv7M4_T_le_v4SPD16_eabi.lib</file>
         <name>fd_div_t2.obj</name>
      </input_file>
      <input_file id="fl-e0">
         <path>C:\ti\ccsv7\tools\compiler\ti-cgt-arm_16.9.6.LTS\lib\</path>
         <kind>archive</kind>
         <file>rtsv7M4_T_le_v4SPD16_eabi.lib</file>
         <name>fd_mul_t2.obj</name>
      </input_file>
      <input_file id="fl-e1">
         <path>C:\ti\ccsv7\tools\compiler\ti-cgt-arm_16.9.6.LTS\lib\</path>
         <kind>archive</kind>
         <file>rtsv7M4_T_le_v4SPD16_eabi.lib</file>
         <name>fd_tos_t2.obj</name>
      </input_file>
      <input_file id="fl-e2">
         <path>C:\ti\ccsv7\tools\compiler\ti-cgt-arm_16.9.6.LTS\lib\</path>
         <kind>archive</kind>
         <file>rtsv7M4_T_le_v4SPD16_eabi.lib</file>
         <name>memcpy_t2.obj</name>
      </input_file>
      <input_file id="fl-e3">
         <path>C:\ti\ccsv7\tools\compiler\ti-cgt-arm_16.9.6.LTS\lib\</path>
         <kind>archive</kind>
         <file>rtsv7M4_T_le_v4SPD16_eabi.lib</file>
         <name>memset_t2.obj</name>
      </input_file>
      <input_file id="fl-e4">
         <path>C:\ti\ccsv7\tools\compiler\ti-cgt-arm_16.9.6.LTS\lib\</path>
         <kind>archive</kind>
         <file>rtsv7M4_T_le_v4SPD16_eabi.lib</file>
         <name>mpu_init.obj</name>
      </input_file>
      <input_file id="fl-e5">
         <path>C:\ti\ccsv7\tools\compiler\ti-cgt-arm_16.9.6.LTS\lib\</path>
         <kind>archive</kind>
         <file>rtsv7M4_T_le_v4SPD16_eabi.lib</file>
         <name>pre_init.obj</name>
      </input_file>
      <input_file id="fl-e6">
         <path>C:\ti\ccsv7\tools\compiler\ti-cgt-arm_16.9.6.LTS\lib\</path>
         <kind>archive</kind>
         <file>rtsv7M4_T_le_v4SPD16_eabi.lib</file>
         <name>printf.obj</name>
      </input_file>
      <input_file id="fl-e7">
         <path>C:\ti\ccsv7\tools\compiler\ti-cgt-arm_16.9.6.LTS\lib\</path>
         <kind>archive</kind>
         <file>rtsv7M4_T_le_v4SPD16_eabi.lib</file>
         <name>rand.obj</name>
      </input_file>
      <input_file id="fl-e8">
         <path>C:\ti\ccsv7\tools\compiler\ti-cgt-arm_16.9.6.LTS\lib\</path>
         <kind>archive</kind>
         <file>rtsv7M4_T_le_v4SPD16_eabi.lib</file>
         <name>sprintf.obj</name>
      </input_file>
      <input_file id="fl-e9">
         <path>C:\ti\ccsv7\tools\compiler\ti-cgt-arm_16.9.6.LTS\lib\</path>
         <kind>archive</kind>
         <file>rtsv7M4_T_le_v4SPD16_eabi.lib</file>
         <name>stkdepth_vars.obj</name>
      </input_file>
      <input_file id="fl-ea">
         <path>C:\ti\ccsv7\tools\compiler\ti-cgt-arm_16.9.6.LTS\lib\</path>
         <kind>archive</kind>
         <file>rtsv7M4_T_le_v4SPD16_eabi.lib</file>
         <name>strcpy.obj</name>
      </input_file>
      <input_file id="fl-eb">
         <path>C:\ti\ccsv7\tools\compiler\ti-cgt-arm_16.9.6.LTS\lib\</path>
         <kind>archive</kind>
         <file>rtsv7M4_T_le_v4SPD16_eabi.lib</file>
         <name>u_tofd_t2.obj</name>
      </input_file>
      <input_file id="fl-ec">
         <path>C:\ti\ccsv7\tools\compiler\ti-cgt-arm_16.9.6.LTS\lib\</path>
         <kind>archive</kind>
         <file>rtsv7M4_T_le_v4SPD16_eabi.lib</file>
         <name>_lock.obj</name>
      </input_file>
      <input_file id="fl-ed">
         <path>C:\ti\ccsv7\tools\compiler\ti-cgt-arm_16.9.6.LTS\lib\</path>
         <kind>archive</kind>
         <file>rtsv7M4_T_le_v4SPD16_eabi.lib</file>
         <name>_printfi.obj</name>
      </input_file>
      <input_file id="fl-ee">
         <path>C:\ti\ccsv7\tools\compiler\ti-cgt-arm_16.9.6.LTS\lib\</path>
         <kind>archive</kind>
         <file>rtsv7M4_T_le_v4SPD16_eabi.lib</file>
         <name>args_main.obj</name>
      </input_file>
      <input_file id="fl-ef">
         <path>C:\ti\ccsv7\tools\compiler\ti-cgt-arm_16.9.6.LTS\lib\</path>
         <kind>archive</kind>
         <file>rtsv7M4_T_le_v4SPD16_eabi.lib</file>
         <name>atoi.obj</name>
      </input_file>
      <input_file id="fl-f0">
         <path>C:\ti\ccsv7\tools\compiler\ti-cgt-arm_16.9.6.LTS\lib\</path>
         <kind>archive</kind>
         <file>rtsv7M4_T_le_v4SPD16_eabi.lib</file>
         <name>autoinit.obj</name>
      </input_file>
      <input_file id="fl-f1">
         <path>C:\ti\ccsv7\tools\compiler\ti-cgt-arm_16.9.6.LTS\lib\</path>
         <kind>archive</kind>
         <file>rtsv7M4_T_le_v4SPD16_eabi.lib</file>
         <name>cpy_tbl.obj</name>
      </input_file>
      <input_file id="fl-f2">
         <path>C:\ti\ccsv7\tools\compiler\ti-cgt-arm_16.9.6.LTS\lib\</path>
         <kind>archive</kind>
         <file>rtsv7M4_T_le_v4SPD16_eabi.lib</file>
         <name>ctype.obj</name>
      </input_file>
      <input_file id="fl-f3">
         <path>C:\ti\ccsv7\tools\compiler\ti-cgt-arm_16.9.6.LTS\lib\</path>
         <kind>archive</kind>
         <file>rtsv7M4_T_le_v4SPD16_eabi.lib</file>
         <name>defs.obj</name>
      </input_file>
      <input_file id="fl-f4">
         <path>C:\ti\ccsv7\tools\compiler\ti-cgt-arm_16.9.6.LTS\lib\</path>
         <kind>archive</kind>
         <file>rtsv7M4_T_le_v4SPD16_eabi.lib</file>
         <name>fd_add_t2.obj</name>
      </input_file>
      <input_file id="fl-f5">
         <path>C:\ti\ccsv7\tools\compiler\ti-cgt-arm_16.9.6.LTS\lib\</path>
         <kind>archive</kind>
         <file>rtsv7M4_T_le_v4SPD16_eabi.lib</file>
         <name>fd_cmp_t2.obj</name>
      </input_file>
      <input_file id="fl-f6">
         <path>C:\ti\ccsv7\tools\compiler\ti-cgt-arm_16.9.6.LTS\lib\</path>
         <kind>archive</kind>
         <file>rtsv7M4_T_le_v4SPD16_eabi.lib</file>
         <name>fd_toi_t2.obj</name>
      </input_file>
      <input_file id="fl-f7">
         <path>C:\ti\ccsv7\tools\compiler\ti-cgt-arm_16.9.6.LTS\lib\</path>
         <kind>archive</kind>
         <file>rtsv7M4_T_le_v4SPD16_eabi.lib</file>
         <name>fputc.obj</name>
      </input_file>
      <input_file id="fl-f8">
         <path>C:\ti\ccsv7\tools\compiler\ti-cgt-arm_16.9.6.LTS\lib\</path>
         <kind>archive</kind>
         <file>rtsv7M4_T_le_v4SPD16_eabi.lib</file>
         <name>fputs.obj</name>
      </input_file>
      <input_file id="fl-f9">
         <path>C:\ti\ccsv7\tools\compiler\ti-cgt-arm_16.9.6.LTS\lib\</path>
         <kind>archive</kind>
         <file>rtsv7M4_T_le_v4SPD16_eabi.lib</file>
         <name>i_tofd_t2.obj</name>
      </input_file>
      <input_file id="fl-fa">
         <path>C:\ti\ccsv7\tools\compiler\ti-cgt-arm_16.9.6.LTS\lib\</path>
         <kind>archive</kind>
         <file>rtsv7M4_T_le_v4SPD16_eabi.lib</file>
         <name>ltoa.obj</name>
      </input_file>
      <input_file id="fl-fb">
         <path>C:\ti\ccsv7\tools\compiler\ti-cgt-arm_16.9.6.LTS\lib\</path>
         <kind>archive</kind>
         <file>rtsv7M4_T_le_v4SPD16_eabi.lib</file>
         <name>memccpy.obj</name>
      </input_file>
      <input_file id="fl-fc">
         <path>C:\ti\ccsv7\tools\compiler\ti-cgt-arm_16.9.6.LTS\lib\</path>
         <kind>archive</kind>
         <file>rtsv7M4_T_le_v4SPD16_eabi.lib</file>
         <name>memchr.obj</name>
      </input_file>
      <input_file id="fl-fd">
         <path>C:\ti\ccsv7\tools\compiler\ti-cgt-arm_16.9.6.LTS\lib\</path>
         <kind>archive</kind>
         <file>rtsv7M4_T_le_v4SPD16_eabi.lib</file>
         <name>s_frexp.obj</name>
      </input_file>
      <input_file id="fl-fe">
         <path>C:\ti\ccsv7\tools\compiler\ti-cgt-arm_16.9.6.LTS\lib\</path>
         <kind>archive</kind>
         <file>rtsv7M4_T_le_v4SPD16_eabi.lib</file>
         <name>s_scalbn.obj</name>
      </input_file>
      <input_file id="fl-ff">
         <path>C:\ti\ccsv7\tools\compiler\ti-cgt-arm_16.9.6.LTS\lib\</path>
         <kind>archive</kind>
         <file>rtsv7M4_T_le_v4SPD16_eabi.lib</file>
         <name>startup.obj</name>
      </input_file>
      <input_file id="fl-100">
         <path>C:\ti\ccsv7\tools\compiler\ti-cgt-arm_16.9.6.LTS\lib\</path>
         <kind>archive</kind>
         <file>rtsv7M4_T_le_v4SPD16_eabi.lib</file>
         <name>strchr.obj</name>
      </input_file>
      <input_file id="fl-101">
         <path>C:\ti\ccsv7\tools\compiler\ti-cgt-arm_16.9.6.LTS\lib\</path>
         <kind>archive</kind>
         <file>rtsv7M4_T_le_v4SPD16_eabi.lib</file>
         <name>strlen.obj</name>
      </input_file>
      <input_file id="fl-102">
         <path>C:\ti\ccsv7\tools\compiler\ti-cgt-arm_16.9.6.LTS\lib\</path>
         <kind>archive</kind>
         <file>rtsv7M4_T_le_v4SPD16_eabi.lib</file>
         <name>ull_div_t2.obj</name>
      </input_file>
      <input_file id="fl-103">
         <path>C:\ti\ccsv7\tools\compiler\ti-cgt-arm_16.9.6.LTS\lib\</path>
         <kind>archive</kind>
         <file>rtsv7M4_T_le_v4SPD16_eabi.lib</file>
         <name>write.obj</name>
      </input_file>
      <input_file id="fl-104">
         <path>C:\ti\ccsv7\tools\compiler\ti-cgt-arm_16.9.6.LTS\lib\</path>
         <kind>archive</kind>
         <file>rtsv7M4_T_le_v4SPD16_eabi.lib</file>
         <name>_io_perm.obj</name>
      </input_file>
      <input_file id="fl-105">
         <path>C:\ti\ccsv7\tools\compiler\ti-cgt-arm_16.9.6.LTS\lib\</path>
         <kind>archive</kind>
         <file>rtsv7M4_T_le_v4SPD16_eabi.lib</file>
         <name>errno.obj</name>
      </input_file>
      <input_file id="fl-106">
         <path>C:\ti\ccsv7\tools\compiler\ti-cgt-arm_16.9.6.LTS\lib\</path>
         <kind>archive</kind>
         <file>rtsv7M4_T_le_v4SPD16_eabi.lib</file>
         <name>fflush.obj</name>
      </input_file>
      <input_file id="fl-107">
         <path>C:\ti\ccsv7\tools\compiler\ti-cgt-arm_16.9.6.LTS\lib\</path>
         <kind>archive</kind>
         <file>rtsv7M4_T_le_v4SPD16_eabi.lib</file>
         <name>fseek.obj</name>
      </input_file>
      <input_file id="fl-108">
         <path>C:\ti\ccsv7\tools\compiler\ti-cgt-arm_16.9.6.LTS\lib\</path>
         <kind>archive</kind>
         <file>rtsv7M4_T_le_v4SPD16_eabi.lib</file>
         <name>hostclose.obj</name>
      </input_file>
      <input_file id="fl-109">
         <path>C:\ti\ccsv7\tools\compiler\ti-cgt-arm_16.9.6.LTS\lib\</path>
         <kind>archive</kind>
         <file>rtsv7M4_T_le_v4SPD16_eabi.lib</file>
         <name>hostlseek.obj</name>
      </input_file>
      <input_file id="fl-10a">
         <path>C:\ti\ccsv7\tools\compiler\ti-cgt-arm_16.9.6.LTS\lib\</path>
         <kind>archive</kind>
         <file>rtsv7M4_T_le_v4SPD16_eabi.lib</file>
         <name>hostopen.obj</name>
      </input_file>
      <input_file id="fl-10b">
         <path>C:\ti\ccsv7\tools\compiler\ti-cgt-arm_16.9.6.LTS\lib\</path>
         <kind>archive</kind>
         <file>rtsv7M4_T_le_v4SPD16_eabi.lib</file>
         <name>hostread.obj</name>
      </input_file>
      <input_file id="fl-10c">
         <path>C:\ti\ccsv7\tools\compiler\ti-cgt-arm_16.9.6.LTS\lib\</path>
         <kind>archive</kind>
         <file>rtsv7M4_T_le_v4SPD16_eabi.lib</file>
         <name>hostrename.obj</name>
      </input_file>
      <input_file id="fl-10d">
         <path>C:\ti\ccsv7\tools\compiler\ti-cgt-arm_16.9.6.LTS\lib\</path>
         <kind>archive</kind>
         <file>rtsv7M4_T_le_v4SPD16_eabi.lib</file>
         <name>hostunlink.obj</name>
      </input_file>
      <input_file id="fl-10e">
         <path>C:\ti\ccsv7\tools\compiler\ti-cgt-arm_16.9.6.LTS\lib\</path>
         <kind>archive</kind>
         <file>rtsv7M4_T_le_v4SPD16_eabi.lib</file>
         <name>hostwrite.obj</name>
      </input_file>
      <input_file id="fl-10f">
         <path>C:\ti\ccsv7\tools\compiler\ti-cgt-arm_16.9.6.LTS\lib\</path>
         <kind>archive</kind>
         <file>rtsv7M4_T_le_v4SPD16_eabi.lib</file>
         <name>lseek.obj</name>
      </input_file>
      <input_file id="fl-110">
         <path>C:\ti\ccsv7\tools\compiler\ti-cgt-arm_16.9.6.LTS\lib\</path>
         <kind>archive</kind>
         <file>rtsv7M4_T_le_v4SPD16_eabi.lib</file>
         <name>s_copysign.obj</name>
      </input_file>
      <input_file id="fl-111">
         <path>C:\ti\ccsv7\tools\compiler\ti-cgt-arm_16.9.6.LTS\lib\</path>
         <kind>archive</kind>
         <file>rtsv7M4_T_le_v4SPD16_eabi.lib</file>
         <name>setvbuf.obj</name>
      </input_file>
      <input_file id="fl-112">
         <path>C:\ti\ccsv7\tools\compiler\ti-cgt-arm_16.9.6.LTS\lib\</path>
         <kind>archive</kind>
         <file>rtsv7M4_T_le_v4SPD16_eabi.lib</file>
         <name>trgmsg.obj</name>
      </input_file>
      <input_file id="fl-113">
         <path>C:\ti\ccsv7\tools\compiler\ti-cgt-arm_16.9.6.LTS\lib\</path>
         <kind>archive</kind>
         <file>rtsv7M4_T_le_v4SPD16_eabi.lib</file>
         <name>fopen.obj</name>
      </input_file>
      <input_file id="fl-114">
         <path>C:\ti\ccsv7\tools\compiler\ti-cgt-arm_16.9.6.LTS\lib\</path>
         <kind>archive</kind>
         <file>rtsv7M4_T_le_v4SPD16_eabi.lib</file>
         <name>memory.obj</name>
      </input_file>
      <input_file id="fl-115">
         <path>C:\ti\ccsv7\tools\compiler\ti-cgt-arm_16.9.6.LTS\lib\</path>
         <kind>archive</kind>
         <file>rtsv7M4_T_le_v4SPD16_eabi.lib</file>
         <name>open.obj</name>
      </input_file>
      <input_file id="fl-116">
         <path>C:\ti\ccsv7\tools\compiler\ti-cgt-arm_16.9.6.LTS\lib\</path>
         <kind>archive</kind>
         <file>rtsv7M4_T_le_v4SPD16_eabi.lib</file>
         <name>fclose.obj</name>
      </input_file>
      <input_file id="fl-117">
         <path>C:\ti\ccsv7\tools\compiler\ti-cgt-arm_16.9.6.LTS\lib\</path>
         <kind>archive</kind>
         <file>rtsv7M4_T_le_v4SPD16_eabi.lib</file>
         <name>getdevice.obj</name>
      </input_file>
      <input_file id="fl-118">
         <path>C:\ti\ccsv7\tools\compiler\ti-cgt-arm_16.9.6.LTS\lib\</path>
         <kind>archive</kind>
         <file>rtsv7M4_T_le_v4SPD16_eabi.lib</file>
         <name>remove.obj</name>
      </input_file>
      <input_file id="fl-119">
         <path>C:\ti\ccsv7\tools\compiler\ti-cgt-arm_16.9.6.LTS\lib\</path>
         <kind>archive</kind>
         <file>rtsv7M4_T_le_v4SPD16_eabi.lib</file>
         <name>strcmp.obj</name>
      </input_file>
      <input_file id="fl-11a">
         <path>C:\ti\ccsv7\tools\compiler\ti-cgt-arm_16.9.6.LTS\lib\</path>
         <kind>archive</kind>
         <file>rtsv7M4_T_le_v4SPD16_eabi.lib</file>
         <name>strncpy.obj</name>
      </input_file>
      <input_file id="fl-11b">
         <path>C:\ti\ccsv7\tools\compiler\ti-cgt-arm_16.9.6.LTS\lib\</path>
         <kind>archive</kind>
         <file>rtsv7M4_T_le_v4SPD16_eabi.lib</file>
         <name>unlink.obj</name>
      </input_file>
      <input_file id="fl-11c">
         <path>C:\ti\ccsv7\tools\compiler\ti-cgt-arm_16.9.6.LTS\lib\</path>
         <kind>archive</kind>
         <file>rtsv7M4_T_le_v4SPD16_eabi.lib</file>
         <name>close.obj</name>
      </input_file>
   </input_file_list>
   <object_component_list>
      <object_component id="oc-2a">
         <name>.intvecs:retain</name>
         <load_address>0x0</load_address>
         <run_address>0x0</run_address>
         <size>0x140</size>
         <input_file_ref idref="fl-5"/>
      </object_component>
      <object_component id="oc-a9">
         <name>.text</name>
         <load_address>0x140</load_address>
         <run_address>0x140</run_address>
         <size>0x23b4</size>
         <input_file_ref idref="fl-4"/>
      </object_component>
      <object_component id="oc-19f">
         <name>.text</name>
         <load_address>0x24f4</load_address>
         <run_address>0x24f4</run_address>
         <size>0x113e</size>
         <input_file_ref idref="fl-ed"/>
      </object_component>
      <object_component id="oc-54">
         <name>.text</name>
         <load_address>0x3632</load_address>
         <run_address>0x3632</run_address>
         <size>0x2</size>
         <input_file_ref idref="fl-e4"/>
      </object_component>
      <object_component id="oc-e8">
         <name>.text</name>
         <load_address>0x3634</load_address>
         <run_address>0x3634</run_address>
         <size>0x620</size>
         <input_file_ref idref="fl-2"/>
      </object_component>
      <object_component id="oc-1f1">
         <name>.text</name>
         <load_address>0x3c54</load_address>
         <run_address>0x3c54</run_address>
         <size>0x3f0</size>
         <input_file_ref idref="fl-12"/>
      </object_component>
      <object_component id="oc-320">
         <name>.text</name>
         <load_address>0x4044</load_address>
         <run_address>0x4044</run_address>
         <size>0x3d0</size>
         <input_file_ref idref="fl-114"/>
      </object_component>
      <object_component id="oc-bc">
         <name>.text</name>
         <load_address>0x4414</load_address>
         <run_address>0x4414</run_address>
         <size>0x328</size>
         <input_file_ref idref="fl-6"/>
      </object_component>
      <object_component id="oc-1eb">
         <name>.text</name>
         <load_address>0x473c</load_address>
         <run_address>0x473c</run_address>
         <size>0x244</size>
         <input_file_ref idref="fl-1b"/>
      </object_component>
      <object_component id="oc-22f">
         <name>.text</name>
         <load_address>0x4980</load_address>
         <run_address>0x4980</run_address>
         <size>0x1f4</size>
         <input_file_ref idref="fl-102"/>
      </object_component>
      <object_component id="oc-326">
         <name>.text</name>
         <load_address>0x4b74</load_address>
         <run_address>0x4b74</run_address>
         <size>0x1c4</size>
         <input_file_ref idref="fl-113"/>
      </object_component>
      <object_component id="oc-24e">
         <name>.text</name>
         <load_address>0x4d38</load_address>
         <run_address>0x4d38</run_address>
         <size>0x1b6</size>
         <input_file_ref idref="fl-f4"/>
      </object_component>
      <object_component id="oc-148">
         <name>.text</name>
         <load_address>0x4eee</load_address>
         <run_address>0x4eee</run_address>
         <size>0x136</size>
         <input_file_ref idref="fl-df"/>
      </object_component>
      <object_component id="oc-199">
         <name>.text</name>
         <load_address>0x5024</load_address>
         <run_address>0x5024</run_address>
         <size>0x134</size>
         <input_file_ref idref="fl-f8"/>
      </object_component>
      <object_component id="oc-143">
         <name>.text</name>
         <load_address>0x5158</load_address>
         <run_address>0x5158</run_address>
         <size>0xfc</size>
         <input_file_ref idref="fl-e0"/>
      </object_component>
      <object_component id="oc-259">
         <name>.text</name>
         <load_address>0x5254</load_address>
         <run_address>0x5254</run_address>
         <size>0xfc</size>
         <input_file_ref idref="fl-fe"/>
      </object_component>
      <object_component id="oc-2bf">
         <name>.text</name>
         <load_address>0x5350</load_address>
         <run_address>0x5350</run_address>
         <size>0xdc</size>
         <input_file_ref idref="fl-111"/>
      </object_component>
      <object_component id="oc-152">
         <name>.text</name>
         <load_address>0x542c</load_address>
         <run_address>0x542c</run_address>
         <size>0xd8</size>
         <input_file_ref idref="fl-20"/>
      </object_component>
      <object_component id="oc-213">
         <name>.text</name>
         <load_address>0x5504</load_address>
         <run_address>0x5504</run_address>
         <size>0xc8</size>
         <input_file_ref idref="fl-106"/>
      </object_component>
      <object_component id="oc-e2">
         <name>.text</name>
         <load_address>0x55cc</load_address>
         <run_address>0x55cc</run_address>
         <size>0xc0</size>
         <input_file_ref idref="fl-3"/>
      </object_component>
      <object_component id="oc-368">
         <name>.text</name>
         <load_address>0x568c</load_address>
         <run_address>0x568c</run_address>
         <size>0xbc</size>
         <input_file_ref idref="fl-115"/>
      </object_component>
      <object_component id="oc-20d">
         <name>.text</name>
         <load_address>0x5748</load_address>
         <run_address>0x5748</run_address>
         <size>0xac</size>
         <input_file_ref idref="fl-104"/>
      </object_component>
      <object_component id="oc-3c">
         <name>.text</name>
         <load_address>0x57f4</load_address>
         <run_address>0x57f4</run_address>
         <size>0x9c</size>
         <input_file_ref idref="fl-e2"/>
      </object_component>
      <object_component id="oc-36e">
         <name>.text</name>
         <load_address>0x5890</load_address>
         <run_address>0x5890</run_address>
         <size>0x98</size>
         <input_file_ref idref="fl-116"/>
      </object_component>
      <object_component id="oc-193">
         <name>.text</name>
         <load_address>0x5928</load_address>
         <run_address>0x5928</run_address>
         <size>0x98</size>
         <input_file_ref idref="fl-f7"/>
      </object_component>
      <object_component id="oc-234">
         <name>.text:__aeabi_cdcmple</name>
         <load_address>0x59c0</load_address>
         <run_address>0x59c0</run_address>
         <size>0x86</size>
         <input_file_ref idref="fl-f5"/>
      </object_component>
      <object_component id="oc-239">
         <name>.text:__aeabi_cdrcmple</name>
         <load_address>0x5a46</load_address>
         <run_address>0x5a46</run_address>
         <size>0x86</size>
         <input_file_ref idref="fl-f5"/>
      </object_component>
      <object_component id="oc-48">
         <name>.text</name>
         <load_address>0x5acc</load_address>
         <run_address>0x5acc</run_address>
         <size>0x7a</size>
         <input_file_ref idref="fl-e3"/>
      </object_component>
      <object_component id="oc-a1">
         <name>.text</name>
         <load_address>0x5b46</load_address>
         <run_address>0x5b46</run_address>
         <size>0x2</size>
         <input_file_ref idref="fl-ff"/>
      </object_component>
      <object_component id="oc-60">
         <name>.text</name>
         <load_address>0x5b48</load_address>
         <run_address>0x5b48</run_address>
         <size>0x70</size>
         <input_file_ref idref="fl-f0"/>
      </object_component>
      <object_component id="oc-3ab">
         <name>.text</name>
         <load_address>0x5bb8</load_address>
         <run_address>0x5bb8</run_address>
         <size>0x70</size>
         <input_file_ref idref="fl-117"/>
      </object_component>
      <object_component id="oc-f4">
         <name>.text</name>
         <load_address>0x5c28</load_address>
         <run_address>0x5c28</run_address>
         <size>0x70</size>
         <input_file_ref idref="fl-e6"/>
      </object_component>
      <object_component id="oc-14d">
         <name>.text</name>
         <load_address>0x5c98</load_address>
         <run_address>0x5c98</run_address>
         <size>0x6e</size>
         <input_file_ref idref="fl-e1"/>
      </object_component>
      <object_component id="oc-12">
         <name>.text:decompress:lzss</name>
         <load_address>0x5d06</load_address>
         <run_address>0x5d06</run_address>
         <size>0x68</size>
         <input_file_ref idref="fl-db"/>
      </object_component>
      <object_component id="oc-391">
         <name>.text</name>
         <load_address>0x5d70</load_address>
         <run_address>0x5d70</run_address>
         <size>0x68</size>
         <input_file_ref idref="fl-109"/>
      </object_component>
      <object_component id="oc-39d">
         <name>.text</name>
         <load_address>0x5dd8</load_address>
         <run_address>0x5dd8</run_address>
         <size>0x68</size>
         <input_file_ref idref="fl-10c"/>
      </object_component>
      <object_component id="oc-3c5">
         <name>.text</name>
         <load_address>0x5e40</load_address>
         <run_address>0x5e40</run_address>
         <size>0x68</size>
         <input_file_ref idref="fl-112"/>
      </object_component>
      <object_component id="oc-2b9">
         <name>.text</name>
         <load_address>0x5ea8</load_address>
         <run_address>0x5ea8</run_address>
         <size>0x64</size>
         <input_file_ref idref="fl-107"/>
      </object_component>
      <object_component id="oc-253">
         <name>.text</name>
         <load_address>0x5f0c</load_address>
         <run_address>0x5f0c</run_address>
         <size>0x64</size>
         <input_file_ref idref="fl-fd"/>
      </object_component>
      <object_component id="oc-379">
         <name>.text</name>
         <load_address>0x5f70</load_address>
         <run_address>0x5f70</run_address>
         <size>0x60</size>
         <input_file_ref idref="fl-10a"/>
      </object_component>
      <object_component id="oc-100">
         <name>.text</name>
         <load_address>0x5fd0</load_address>
         <run_address>0x5fd0</run_address>
         <size>0x60</size>
         <input_file_ref idref="fl-e8"/>
      </object_component>
      <object_component id="oc-3b4">
         <name>.text</name>
         <load_address>0x6030</load_address>
         <run_address>0x6030</run_address>
         <size>0x5c</size>
         <input_file_ref idref="fl-11c"/>
      </object_component>
      <object_component id="oc-385">
         <name>.text</name>
         <load_address>0x608c</load_address>
         <run_address>0x608c</run_address>
         <size>0x58</size>
         <input_file_ref idref="fl-10b"/>
      </object_component>
      <object_component id="oc-38b">
         <name>.text</name>
         <load_address>0x60e4</load_address>
         <run_address>0x60e4</run_address>
         <size>0x58</size>
         <input_file_ref idref="fl-10e"/>
      </object_component>
      <object_component id="oc-24">
         <name>.text</name>
         <load_address>0x613c</load_address>
         <run_address>0x613c</run_address>
         <size>0x54</size>
         <input_file_ref idref="fl-da"/>
      </object_component>
      <object_component id="oc-6c">
         <name>.text</name>
         <load_address>0x6190</load_address>
         <run_address>0x6190</run_address>
         <size>0x54</size>
         <input_file_ref idref="fl-de"/>
      </object_component>
      <object_component id="oc-243">
         <name>.text</name>
         <load_address>0x61e4</load_address>
         <run_address>0x61e4</run_address>
         <size>0x54</size>
         <input_file_ref idref="fl-fa"/>
      </object_component>
      <object_component id="oc-265">
         <name>.text</name>
         <load_address>0x6238</load_address>
         <run_address>0x6238</run_address>
         <size>0x4c</size>
         <input_file_ref idref="fl-ef"/>
      </object_component>
      <object_component id="oc-9b">
         <name>.text</name>
         <load_address>0x6284</load_address>
         <run_address>0x6284</run_address>
         <size>0x4c</size>
         <input_file_ref idref="fl-f1"/>
      </object_component>
      <object_component id="oc-fa">
         <name>.text</name>
         <load_address>0x62d0</load_address>
         <run_address>0x62d0</run_address>
         <size>0x4c</size>
         <input_file_ref idref="fl-e7"/>
      </object_component>
      <object_component id="oc-23e">
         <name>.text</name>
         <load_address>0x631c</load_address>
         <run_address>0x631c</run_address>
         <size>0x48</size>
         <input_file_ref idref="fl-f6"/>
      </object_component>
      <object_component id="oc-37f">
         <name>.text</name>
         <load_address>0x6364</load_address>
         <run_address>0x6364</run_address>
         <size>0x44</size>
         <input_file_ref idref="fl-108"/>
      </object_component>
      <object_component id="oc-397">
         <name>.text</name>
         <load_address>0x63a8</load_address>
         <run_address>0x63a8</run_address>
         <size>0x44</size>
         <input_file_ref idref="fl-10d"/>
      </object_component>
      <object_component id="oc-295">
         <name>.text</name>
         <load_address>0x63ec</load_address>
         <run_address>0x63ec</run_address>
         <size>0x3e</size>
         <input_file_ref idref="fl-a"/>
      </object_component>
      <object_component id="oc-3e1">
         <name>.text</name>
         <load_address>0x642a</load_address>
         <run_address>0x642a</run_address>
         <size>0x36</size>
         <input_file_ref idref="fl-11a"/>
      </object_component>
      <object_component id="oc-249">
         <name>.text</name>
         <load_address>0x6460</load_address>
         <run_address>0x6460</run_address>
         <size>0x2e</size>
         <input_file_ref idref="fl-f9"/>
      </object_component>
      <object_component id="oc-3ba">
         <name>.text</name>
         <load_address>0x6490</load_address>
         <run_address>0x6490</run_address>
         <size>0x2c</size>
         <input_file_ref idref="fl-11b"/>
      </object_component>
      <object_component id="oc-318">
         <name>.text</name>
         <load_address>0x64bc</load_address>
         <run_address>0x64bc</run_address>
         <size>0x28</size>
         <input_file_ref idref="fl-10f"/>
      </object_component>
      <object_component id="oc-219">
         <name>.text</name>
         <load_address>0x64e4</load_address>
         <run_address>0x64e4</run_address>
         <size>0x28</size>
         <input_file_ref idref="fl-103"/>
      </object_component>
      <object_component id="oc-227">
         <name>.text</name>
         <load_address>0x650c</load_address>
         <run_address>0x650c</run_address>
         <size>0x20</size>
         <input_file_ref idref="fl-fc"/>
      </object_component>
      <object_component id="oc-13e">
         <name>.text</name>
         <load_address>0x652c</load_address>
         <run_address>0x652c</run_address>
         <size>0x20</size>
         <input_file_ref idref="fl-eb"/>
      </object_component>
      <object_component id="oc-26b">
         <name>.text</name>
         <load_address>0x654c</load_address>
         <run_address>0x654c</run_address>
         <size>0x1c</size>
         <input_file_ref idref="fl-fb"/>
      </object_component>
      <object_component id="oc-66">
         <name>.text</name>
         <load_address>0x6568</load_address>
         <run_address>0x6568</run_address>
         <size>0x18</size>
         <input_file_ref idref="fl-ee"/>
      </object_component>
      <object_component id="oc-3db">
         <name>.text</name>
         <load_address>0x6580</load_address>
         <run_address>0x6580</run_address>
         <size>0x18</size>
         <input_file_ref idref="fl-119"/>
      </object_component>
      <object_component id="oc-25f">
         <name>.text</name>
         <load_address>0x6598</load_address>
         <run_address>0x6598</run_address>
         <size>0x16</size>
         <input_file_ref idref="fl-100"/>
      </object_component>
      <object_component id="oc-170">
         <name>.text</name>
         <load_address>0x65b0</load_address>
         <run_address>0x65b0</run_address>
         <size>0x14</size>
         <input_file_ref idref="fl-ec"/>
      </object_component>
      <object_component id="oc-2e8">
         <name>.text</name>
         <load_address>0x65c4</load_address>
         <run_address>0x65c4</run_address>
         <size>0x14</size>
         <input_file_ref idref="fl-110"/>
      </object_component>
      <object_component id="oc-ee">
         <name>.text</name>
         <load_address>0x65d8</load_address>
         <run_address>0x65d8</run_address>
         <size>0x14</size>
         <input_file_ref idref="fl-ea"/>
      </object_component>
      <object_component id="oc-221">
         <name>.text</name>
         <load_address>0x65ec</load_address>
         <run_address>0x65ec</run_address>
         <size>0x14</size>
         <input_file_ref idref="fl-101"/>
      </object_component>
      <object_component id="oc-76">
         <name>.text</name>
         <load_address>0x6600</load_address>
         <run_address>0x6600</run_address>
         <size>0x12</size>
         <input_file_ref idref="fl-5"/>
      </object_component>
      <object_component id="oc-18">
         <name>.text:decompress:none</name>
         <load_address>0x6612</load_address>
         <run_address>0x6612</run_address>
         <size>0xe</size>
         <input_file_ref idref="fl-dc"/>
      </object_component>
      <object_component id="oc-1e">
         <name>.text:decompress:ZI</name>
         <load_address>0x6620</load_address>
         <run_address>0x6620</run_address>
         <size>0xc</size>
         <input_file_ref idref="fl-dd"/>
      </object_component>
      <object_component id="oc-5a">
         <name>.text</name>
         <load_address>0x662c</load_address>
         <run_address>0x662c</run_address>
         <size>0x4</size>
         <input_file_ref idref="fl-e5"/>
      </object_component>
      <object_component id="oc-2f5">
         <name>.const:.string:_ctypes_</name>
         <load_address>0x6630</load_address>
         <run_address>0x6630</run_address>
         <size>0x101</size>
         <input_file_ref idref="fl-f2"/>
      </object_component>
      <object_component id="oc-2a1">
         <name>.const:g_pulRegs</name>
         <load_address>0x6734</load_address>
         <run_address>0x6734</run_address>
         <size>0x50</size>
         <input_file_ref idref="fl-12"/>
      </object_component>
      <object_component id="oc-29e">
         <name>.const:g_pulPriority</name>
         <load_address>0x6784</load_address>
         <run_address>0x6784</run_address>
         <size>0x20</size>
         <input_file_ref idref="fl-12"/>
      </object_component>
      <object_component id="oc-109">
         <name>.const:.string:$P$T0$1</name>
         <load_address>0x67a4</load_address>
         <run_address>0x67a4</run_address>
         <size>0x10</size>
         <input_file_ref idref="fl-4"/>
      </object_component>
      <object_component id="oc-11b">
         <name>.const:.string:$P$T1$2</name>
         <load_address>0x67b4</load_address>
         <run_address>0x67b4</run_address>
         <size>0x10</size>
         <input_file_ref idref="fl-4"/>
      </object_component>
      <object_component id="oc-11f">
         <name>.const:.string:$P$T2$3</name>
         <load_address>0x67c4</load_address>
         <run_address>0x67c4</run_address>
         <size>0x10</size>
         <input_file_ref idref="fl-4"/>
      </object_component>
      <object_component id="oc-122">
         <name>.const:.string:$P$T3$4</name>
         <load_address>0x67d4</load_address>
         <run_address>0x67d4</run_address>
         <size>0x10</size>
         <input_file_ref idref="fl-4"/>
      </object_component>
      <object_component id="oc-125">
         <name>.const:.string:$P$T4$5</name>
         <load_address>0x67e4</load_address>
         <run_address>0x67e4</run_address>
         <size>0x10</size>
         <input_file_ref idref="fl-4"/>
      </object_component>
      <object_component id="oc-128">
         <name>.const:.string:$P$T5$6</name>
         <load_address>0x67f4</load_address>
         <run_address>0x67f4</run_address>
         <size>0x10</size>
         <input_file_ref idref="fl-4"/>
      </object_component>
      <object_component id="oc-12c">
         <name>.const:.string:$P$T6$7</name>
         <load_address>0x6804</load_address>
         <run_address>0x6804</run_address>
         <size>0x10</size>
         <input_file_ref idref="fl-4"/>
      </object_component>
      <object_component id="oc-13b">
         <name>.const:.string:$P$T7$8</name>
         <load_address>0x6814</load_address>
         <run_address>0x6814</run_address>
         <size>0x10</size>
         <input_file_ref idref="fl-4"/>
      </object_component>
      <object_component id="oc-158">
         <name>.const:.string:$P$T8$9</name>
         <load_address>0x6824</load_address>
         <run_address>0x6824</run_address>
         <size>0x10</size>
         <input_file_ref idref="fl-4"/>
      </object_component>
      <object_component id="oc-2a7">
         <name>.const:g_pulDisRegs</name>
         <load_address>0x6834</load_address>
         <run_address>0x6834</run_address>
         <size>0x8</size>
         <input_file_ref idref="fl-12"/>
      </object_component>
      <object_component id="oc-2a4">
         <name>.const:g_pulEnRegs</name>
         <load_address>0x683c</load_address>
         <run_address>0x683c</run_address>
         <size>0x8</size>
         <input_file_ref idref="fl-12"/>
      </object_component>
      <object_component id="oc-2aa">
         <name>.const:g_pulPendRegs</name>
         <load_address>0x6844</load_address>
         <run_address>0x6844</run_address>
         <size>0x8</size>
         <input_file_ref idref="fl-12"/>
      </object_component>
      <object_component id="oc-2ad">
         <name>.const:g_pulUnpendRegs</name>
         <load_address>0x684c</load_address>
         <run_address>0x684c</run_address>
         <size>0x8</size>
         <input_file_ref idref="fl-12"/>
      </object_component>
      <object_component id="oc-441">
         <name>.cinit..data.load</name>
         <load_address>0x6858</load_address>
         <run_address>0x6858</run_address>
         <size>0xdd</size>
      </object_component>
      <object_component id="oc-43e">
         <name>__TI_handler_table</name>
         <load_address>0x6938</load_address>
         <run_address>0x6938</run_address>
         <size>0xc</size>
      </object_component>
      <object_component id="oc-442">
         <name>.cinit..bss.load</name>
         <load_address>0x6948</load_address>
         <run_address>0x6948</run_address>
         <size>0x8</size>
      </object_component>
      <object_component id="oc-440">
         <name>.cinit..vtable.load</name>
         <load_address>0x6950</load_address>
         <run_address>0x6950</run_address>
         <size>0x8</size>
      </object_component>
      <object_component id="oc-43f">
         <name>__TI_cinit_table</name>
         <load_address>0x6958</load_address>
         <run_address>0x6958</run_address>
         <size>0x18</size>
      </object_component>
      <object_component id="oc-41d">
         <name>.binit</name>
         <load_address>0x0</load_address>
         <run_address>0x0</run_address>
         <size>0x0</size>
      </object_component>
      <object_component id="oc-29b">
         <name>.vtable</name>
         <uninitialized>true</uninitialized>
         <run_address>0x20000000</run_address>
         <size>0xe4</size>
         <input_file_ref idref="fl-12"/>
      </object_component>
      <object_component id="oc-10c">
         <name>.data:bell_layout</name>
         <load_address>0x200007a8</load_address>
         <run_address>0x200007a8</run_address>
         <size>0x8</size>
         <input_file_ref idref="fl-4"/>
      </object_component>
      <object_component id="oc-111">
         <name>.data:stickfig_layout</name>
         <load_address>0x200007c0</load_address>
         <run_address>0x200007c0</run_address>
         <size>0x8</size>
         <input_file_ref idref="fl-4"/>
      </object_component>
      <object_component id="oc-115">
         <name>.data:smile_layout</name>
         <load_address>0x200007b8</load_address>
         <run_address>0x200007b8</run_address>
         <size>0x8</size>
         <input_file_ref idref="fl-4"/>
      </object_component>
      <object_component id="oc-118">
         <name>.data</name>
         <load_address>0x20000794</load_address>
         <run_address>0x20000794</run_address>
         <size>0xc</size>
         <input_file_ref idref="fl-4"/>
      </object_component>
      <object_component id="oc-12f">
         <name>.data:notes</name>
         <load_address>0x20000650</load_address>
         <run_address>0x20000650</run_address>
         <size>0x64</size>
         <input_file_ref idref="fl-4"/>
      </object_component>
      <object_component id="oc-132">
         <name>.data:interval</name>
         <load_address>0x20000704</load_address>
         <run_address>0x20000704</run_address>
         <size>0x32</size>
         <input_file_ref idref="fl-4"/>
      </object_component>
      <object_component id="oc-135">
         <name>.data:notes2</name>
         <load_address>0x20000738</load_address>
         <run_address>0x20000738</run_address>
         <size>0x24</size>
         <input_file_ref idref="fl-4"/>
      </object_component>
      <object_component id="oc-138">
         <name>.data:interval2</name>
         <load_address>0x2000075c</load_address>
         <run_address>0x2000075c</run_address>
         <size>0x10</size>
         <input_file_ref idref="fl-4"/>
      </object_component>
      <object_component id="oc-15b">
         <name>.data:notes3</name>
         <load_address>0x200007b0</load_address>
         <run_address>0x200007b0</run_address>
         <size>0x8</size>
         <input_file_ref idref="fl-4"/>
      </object_component>
      <object_component id="oc-15e">
         <name>.data:interval3</name>
         <load_address>0x200007c8</load_address>
         <run_address>0x200007c8</run_address>
         <size>0x4</size>
         <input_file_ref idref="fl-4"/>
      </object_component>
      <object_component id="oc-17c">
         <name>.data</name>
         <load_address>0x200007e0</load_address>
         <run_address>0x200007e0</run_address>
         <size>0x4</size>
         <input_file_ref idref="fl-6"/>
      </object_component>
      <object_component id="oc-b1">
         <name>.data:$O1$$</name>
         <load_address>0x2000077c</load_address>
         <run_address>0x2000077c</run_address>
         <size>0xc</size>
         <input_file_ref idref="fl-de"/>
      </object_component>
      <object_component id="oc-1af">
         <name>.data</name>
         <load_address>0x200007d8</load_address>
         <run_address>0x200007d8</run_address>
         <size>0x4</size>
         <input_file_ref idref="fl-e7"/>
      </object_component>
      <object_component id="oc-72">
         <name>.data</name>
         <load_address>0x200007dc</load_address>
         <run_address>0x200007dc</run_address>
         <size>0x4</size>
         <input_file_ref idref="fl-e9"/>
      </object_component>
      <object_component id="oc-b4">
         <name>.data:$O1$$</name>
         <load_address>0x200007a0</load_address>
         <run_address>0x200007a0</run_address>
         <size>0x8</size>
         <input_file_ref idref="fl-ec"/>
      </object_component>
      <object_component id="oc-1a5">
         <name>.data:_ftable</name>
         <load_address>0x200004e8</load_address>
         <run_address>0x200004e8</run_address>
         <size>0xf0</size>
         <input_file_ref idref="fl-f3"/>
      </object_component>
      <object_component id="oc-2c7">
         <name>.data</name>
         <load_address>0x2000076c</load_address>
         <run_address>0x2000076c</run_address>
         <size>0x10</size>
         <input_file_ref idref="fl-f3"/>
      </object_component>
      <object_component id="oc-339">
         <name>.data:_device</name>
         <load_address>0x200005d8</load_address>
         <run_address>0x200005d8</run_address>
         <size>0x78</size>
         <input_file_ref idref="fl-103"/>
      </object_component>
      <object_component id="oc-2cc">
         <name>.data:_stream</name>
         <load_address>0x200006b4</load_address>
         <run_address>0x200006b4</run_address>
         <size>0x50</size>
         <input_file_ref idref="fl-103"/>
      </object_component>
      <object_component id="oc-2ee">
         <name>.data</name>
         <load_address>0x200007cc</load_address>
         <run_address>0x200007cc</run_address>
         <size>0x4</size>
         <input_file_ref idref="fl-105"/>
      </object_component>
      <object_component id="oc-374">
         <name>.data</name>
         <load_address>0x200007d0</load_address>
         <run_address>0x200007d0</run_address>
         <size>0x4</size>
         <input_file_ref idref="fl-113"/>
      </object_component>
      <object_component id="oc-364">
         <name>.data:$O1$$</name>
         <load_address>0x20000788</load_address>
         <run_address>0x20000788</run_address>
         <size>0xc</size>
         <input_file_ref idref="fl-114"/>
      </object_component>
      <object_component id="oc-3b1">
         <name>.data</name>
         <load_address>0x200007d4</load_address>
         <run_address>0x200007d4</run_address>
         <size>0x4</size>
         <input_file_ref idref="fl-115"/>
      </object_component>
      <object_component id="oc-3f1">
         <name>.bss:_CIOBUF_</name>
         <uninitialized>true</uninitialized>
         <run_address>0x200007e4</run_address>
         <size>0x120</size>
         <input_file_ref idref="fl-112"/>
      </object_component>
      <object_component id="oc-18d">
         <name>.common:_offset</name>
         <uninitialized>true</uninitialized>
         <run_address>0x200009c8</run_address>
         <size>0x1</size>
      </object_component>
      <object_component id="oc-12b">
         <name>.common:keypress</name>
         <uninitialized>true</uninitialized>
         <run_address>0x200009c4</run_address>
         <size>0x4</size>
      </object_component>
      <object_component id="oc-11e">
         <name>.common:arraykeys</name>
         <uninitialized>true</uninitialized>
         <run_address>0x200009a4</run_address>
         <size>0xc</size>
      </object_component>
      <object_component id="oc-106">
         <name>.common:credits_array</name>
         <uninitialized>true</uninitialized>
         <run_address>0x200009b0</run_address>
         <size>0xc</size>
      </object_component>
      <object_component id="oc-10f">
         <name>.common:bell_index</name>
         <uninitialized>true</uninitialized>
         <run_address>0x200009c9</run_address>
         <size>0x1</size>
      </object_component>
      <object_component id="oc-110">
         <name>.common:stickfig_index</name>
         <uninitialized>true</uninitialized>
         <run_address>0x200009cb</run_address>
         <size>0x1</size>
      </object_component>
      <object_component id="oc-114">
         <name>.common:smile_index</name>
         <uninitialized>true</uninitialized>
         <run_address>0x200009ca</run_address>
         <size>0x1</size>
      </object_component>
      <object_component id="oc-3c0">
         <name>.common:__TI_tmpnams</name>
         <uninitialized>true</uninitialized>
         <run_address>0x20000904</run_address>
         <size>0xa0</size>
      </object_component>
      <object_component id="oc-3cb">
         <name>.common:parmbuf</name>
         <uninitialized>true</uninitialized>
         <run_address>0x200009bc</run_address>
         <size>0x8</size>
      </object_component>
      <object_component id="oc-2e">
         <name>.sysmem</name>
         <uninitialized>true</uninitialized>
         <run_address>0x200000e8</run_address>
         <size>0x8</size>
         <input_file_ref idref="fl-114"/>
      </object_component>
      <object_component id="oc-444">
         <name>.sysmem</name>
         <uninitialized>true</uninitialized>
         <run_address>0x200000e8</run_address>
         <size>0x0</size>
      </object_component>
      <object_component id="oc-2d">
         <name>.stack</name>
         <uninitialized>true</uninitialized>
         <run_address>0x2000fe00</run_address>
         <size>0x0</size>
         <input_file_ref idref="fl-da"/>
      </object_component>
      <object_component id="oc-443">
         <name>.stack</name>
         <uninitialized>true</uninitialized>
         <run_address>0x2000fe00</run_address>
         <size>0x0</size>
      </object_component>
      <object_component id="oc-18e">
         <name>.debug_info</name>
         <load_address>0x0</load_address>
         <run_address>0x0</run_address>
         <size>0x5fd</size>
         <input_file_ref idref="fl-2"/>
      </object_component>
      <object_component id="oc-e9">
         <name>.debug_info</name>
         <load_address>0x5fd</load_address>
         <run_address>0x5fd</run_address>
         <size>0x942</size>
         <input_file_ref idref="fl-2"/>
      </object_component>
      <object_component id="oc-1bd">
         <name>.debug_info</name>
         <load_address>0xf3f</load_address>
         <run_address>0xf3f</run_address>
         <size>0x1055</size>
         <input_file_ref idref="fl-2"/>
      </object_component>
      <object_component id="oc-206">
         <name>.debug_info</name>
         <load_address>0x1f94</load_address>
         <run_address>0x1f94</run_address>
         <size>0x37e2</size>
         <input_file_ref idref="fl-2"/>
      </object_component>
      <object_component id="oc-37">
         <name>.debug_info</name>
         <load_address>0x5776</load_address>
         <run_address>0x5776</run_address>
         <size>0x84</size>
         <input_file_ref idref="fl-2"/>
      </object_component>
      <object_component id="oc-162">
         <name>.debug_info</name>
         <load_address>0x57fa</load_address>
         <run_address>0x57fa</run_address>
         <size>0x18b</size>
         <input_file_ref idref="fl-2"/>
      </object_component>
      <object_component id="oc-1aa">
         <name>.debug_info</name>
         <load_address>0x5985</load_address>
         <run_address>0x5985</run_address>
         <size>0x4e</size>
         <input_file_ref idref="fl-2"/>
      </object_component>
      <object_component id="oc-1c2">
         <name>.debug_info</name>
         <load_address>0x59d3</load_address>
         <run_address>0x59d3</run_address>
         <size>0xda</size>
         <input_file_ref idref="fl-2"/>
      </object_component>
      <object_component id="oc-e5">
         <name>.debug_info</name>
         <load_address>0x5aad</load_address>
         <run_address>0x5aad</run_address>
         <size>0x35a</size>
         <input_file_ref idref="fl-3"/>
      </object_component>
      <object_component id="oc-107">
         <name>.debug_info</name>
         <load_address>0x5e07</load_address>
         <run_address>0x5e07</run_address>
         <size>0x9bc</size>
         <input_file_ref idref="fl-4"/>
      </object_component>
      <object_component id="oc-10d">
         <name>.debug_info</name>
         <load_address>0x67c3</load_address>
         <run_address>0x67c3</run_address>
         <size>0xd9</size>
         <input_file_ref idref="fl-4"/>
      </object_component>
      <object_component id="oc-112">
         <name>.debug_info</name>
         <load_address>0x689c</load_address>
         <run_address>0x689c</run_address>
         <size>0xe1</size>
         <input_file_ref idref="fl-4"/>
      </object_component>
      <object_component id="oc-116">
         <name>.debug_info</name>
         <load_address>0x697d</load_address>
         <run_address>0x697d</run_address>
         <size>0xdb</size>
         <input_file_ref idref="fl-4"/>
      </object_component>
      <object_component id="oc-119">
         <name>.debug_info</name>
         <load_address>0x6a58</load_address>
         <run_address>0x6a58</run_address>
         <size>0x10f</size>
         <input_file_ref idref="fl-4"/>
      </object_component>
      <object_component id="oc-130">
         <name>.debug_info</name>
         <load_address>0x6b67</load_address>
         <run_address>0x6b67</run_address>
         <size>0xcd</size>
         <input_file_ref idref="fl-4"/>
      </object_component>
      <object_component id="oc-133">
         <name>.debug_info</name>
         <load_address>0x6c34</load_address>
         <run_address>0x6c34</run_address>
         <size>0xd3</size>
         <input_file_ref idref="fl-4"/>
      </object_component>
      <object_component id="oc-136">
         <name>.debug_info</name>
         <load_address>0x6d07</load_address>
         <run_address>0x6d07</run_address>
         <size>0xcf</size>
         <input_file_ref idref="fl-4"/>
      </object_component>
      <object_component id="oc-139">
         <name>.debug_info</name>
         <load_address>0x6dd6</load_address>
         <run_address>0x6dd6</run_address>
         <size>0xd5</size>
         <input_file_ref idref="fl-4"/>
      </object_component>
      <object_component id="oc-15c">
         <name>.debug_info</name>
         <load_address>0x6eab</load_address>
         <run_address>0x6eab</run_address>
         <size>0xcf</size>
         <input_file_ref idref="fl-4"/>
      </object_component>
      <object_component id="oc-15f">
         <name>.debug_info</name>
         <load_address>0x6f7a</load_address>
         <run_address>0x6f7a</run_address>
         <size>0xd5</size>
         <input_file_ref idref="fl-4"/>
      </object_component>
      <object_component id="oc-10a">
         <name>.debug_info</name>
         <load_address>0x704f</load_address>
         <run_address>0x704f</run_address>
         <size>0xd0</size>
         <input_file_ref idref="fl-4"/>
      </object_component>
      <object_component id="oc-11c">
         <name>.debug_info</name>
         <load_address>0x711f</load_address>
         <run_address>0x711f</run_address>
         <size>0xd1</size>
         <input_file_ref idref="fl-4"/>
      </object_component>
      <object_component id="oc-120">
         <name>.debug_info</name>
         <load_address>0x71f0</load_address>
         <run_address>0x71f0</run_address>
         <size>0xd1</size>
         <input_file_ref idref="fl-4"/>
      </object_component>
      <object_component id="oc-123">
         <name>.debug_info</name>
         <load_address>0x72c1</load_address>
         <run_address>0x72c1</run_address>
         <size>0xd1</size>
         <input_file_ref idref="fl-4"/>
      </object_component>
      <object_component id="oc-126">
         <name>.debug_info</name>
         <load_address>0x7392</load_address>
         <run_address>0x7392</run_address>
         <size>0xd1</size>
         <input_file_ref idref="fl-4"/>
      </object_component>
      <object_component id="oc-129">
         <name>.debug_info</name>
         <load_address>0x7463</load_address>
         <run_address>0x7463</run_address>
         <size>0xd1</size>
         <input_file_ref idref="fl-4"/>
      </object_component>
      <object_component id="oc-12d">
         <name>.debug_info</name>
         <load_address>0x7534</load_address>
         <run_address>0x7534</run_address>
         <size>0xd1</size>
         <input_file_ref idref="fl-4"/>
      </object_component>
      <object_component id="oc-13c">
         <name>.debug_info</name>
         <load_address>0x7605</load_address>
         <run_address>0x7605</run_address>
         <size>0xd1</size>
         <input_file_ref idref="fl-4"/>
      </object_component>
      <object_component id="oc-159">
         <name>.debug_info</name>
         <load_address>0x76d6</load_address>
         <run_address>0x76d6</run_address>
         <size>0xd1</size>
         <input_file_ref idref="fl-4"/>
      </object_component>
      <object_component id="oc-aa">
         <name>.debug_info</name>
         <load_address>0x77a7</load_address>
         <run_address>0x77a7</run_address>
         <size>0x29ef</size>
         <input_file_ref idref="fl-4"/>
      </object_component>
      <object_component id="oc-1b8">
         <name>.debug_info</name>
         <load_address>0xa196</load_address>
         <run_address>0xa196</run_address>
         <size>0x37e2</size>
         <input_file_ref idref="fl-4"/>
      </object_component>
      <object_component id="oc-7e">
         <name>.debug_info</name>
         <load_address>0xd978</load_address>
         <run_address>0xd978</run_address>
         <size>0x2b9</size>
         <input_file_ref idref="fl-5"/>
      </object_component>
      <object_component id="oc-2b">
         <name>.debug_info</name>
         <load_address>0xdc31</load_address>
         <run_address>0xdc31</run_address>
         <size>0xf6</size>
         <input_file_ref idref="fl-5"/>
      </object_component>
      <object_component id="oc-77">
         <name>.debug_info</name>
         <load_address>0xdd27</load_address>
         <run_address>0xdd27</run_address>
         <size>0x25d</size>
         <input_file_ref idref="fl-5"/>
      </object_component>
      <object_component id="oc-17d">
         <name>.debug_info</name>
         <load_address>0xdf84</load_address>
         <run_address>0xdf84</run_address>
         <size>0xef</size>
         <input_file_ref idref="fl-6"/>
      </object_component>
      <object_component id="oc-be">
         <name>.debug_info</name>
         <load_address>0xe073</load_address>
         <run_address>0xe073</run_address>
         <size>0x261</size>
         <input_file_ref idref="fl-6"/>
      </object_component>
      <object_component id="oc-2b1">
         <name>.debug_info</name>
         <load_address>0xe2d4</load_address>
         <run_address>0xe2d4</run_address>
         <size>0x8b</size>
         <input_file_ref idref="fl-7"/>
      </object_component>
      <object_component id="oc-296">
         <name>.debug_info</name>
         <load_address>0xe35f</load_address>
         <run_address>0xe35f</run_address>
         <size>0x3c5</size>
         <input_file_ref idref="fl-a"/>
      </object_component>
      <object_component id="oc-2b6">
         <name>.debug_info</name>
         <load_address>0xe724</load_address>
         <run_address>0xe724</run_address>
         <size>0x609</size>
         <input_file_ref idref="fl-12"/>
      </object_component>
      <object_component id="oc-29f">
         <name>.debug_info</name>
         <load_address>0xed2d</load_address>
         <run_address>0xed2d</run_address>
         <size>0xf6</size>
         <input_file_ref idref="fl-12"/>
      </object_component>
      <object_component id="oc-2a2">
         <name>.debug_info</name>
         <load_address>0xee23</load_address>
         <run_address>0xee23</run_address>
         <size>0xee</size>
         <input_file_ref idref="fl-12"/>
      </object_component>
      <object_component id="oc-2a5">
         <name>.debug_info</name>
         <load_address>0xef11</load_address>
         <run_address>0xef11</run_address>
         <size>0xf2</size>
         <input_file_ref idref="fl-12"/>
      </object_component>
      <object_component id="oc-2a8">
         <name>.debug_info</name>
         <load_address>0xf003</load_address>
         <run_address>0xf003</run_address>
         <size>0xf4</size>
         <input_file_ref idref="fl-12"/>
      </object_component>
      <object_component id="oc-2ab">
         <name>.debug_info</name>
         <load_address>0xf0f7</load_address>
         <run_address>0xf0f7</run_address>
         <size>0xf6</size>
         <input_file_ref idref="fl-12"/>
      </object_component>
      <object_component id="oc-2ae">
         <name>.debug_info</name>
         <load_address>0xf1ed</load_address>
         <run_address>0xf1ed</run_address>
         <size>0xfa</size>
         <input_file_ref idref="fl-12"/>
      </object_component>
      <object_component id="oc-29c">
         <name>.debug_info</name>
         <load_address>0xf2e7</load_address>
         <run_address>0xf2e7</run_address>
         <size>0xfb</size>
         <input_file_ref idref="fl-12"/>
      </object_component>
      <object_component id="oc-1f2">
         <name>.debug_info</name>
         <load_address>0xf3e2</load_address>
         <run_address>0xf3e2</run_address>
         <size>0x119e</size>
         <input_file_ref idref="fl-12"/>
      </object_component>
      <object_component id="oc-294">
         <name>.debug_info</name>
         <load_address>0x10580</load_address>
         <run_address>0x10580</run_address>
         <size>0x541</size>
         <input_file_ref idref="fl-1b"/>
      </object_component>
      <object_component id="oc-1ed">
         <name>.debug_info</name>
         <load_address>0x10ac1</load_address>
         <run_address>0x10ac1</run_address>
         <size>0xe9d</size>
         <input_file_ref idref="fl-1b"/>
      </object_component>
      <object_component id="oc-1f8">
         <name>.debug_info</name>
         <load_address>0x1195e</load_address>
         <run_address>0x1195e</run_address>
         <size>0x709</size>
         <input_file_ref idref="fl-20"/>
      </object_component>
      <object_component id="oc-153">
         <name>.debug_info</name>
         <load_address>0x12067</load_address>
         <run_address>0x12067</run_address>
         <size>0x8ad</size>
         <input_file_ref idref="fl-20"/>
      </object_component>
      <object_component id="oc-27">
         <name>.debug_info</name>
         <load_address>0x12914</load_address>
         <run_address>0x12914</run_address>
         <size>0x160</size>
         <input_file_ref idref="fl-da"/>
      </object_component>
      <object_component id="oc-88">
         <name>.debug_info</name>
         <load_address>0x12a74</load_address>
         <run_address>0x12a74</run_address>
         <size>0x293</size>
         <input_file_ref idref="fl-db"/>
      </object_component>
      <object_component id="oc-16">
         <name>.debug_info</name>
         <load_address>0x12d07</load_address>
         <run_address>0x12d07</run_address>
         <size>0x245</size>
         <input_file_ref idref="fl-db"/>
      </object_component>
      <object_component id="oc-32">
         <name>.debug_info</name>
         <load_address>0x12f4c</load_address>
         <run_address>0x12f4c</run_address>
         <size>0x60</size>
         <input_file_ref idref="fl-db"/>
      </object_component>
      <object_component id="oc-83">
         <name>.debug_info</name>
         <load_address>0x12fac</load_address>
         <run_address>0x12fac</run_address>
         <size>0x46</size>
         <input_file_ref idref="fl-db"/>
      </object_component>
      <object_component id="oc-47">
         <name>.debug_info</name>
         <load_address>0x12ff2</load_address>
         <run_address>0x12ff2</run_address>
         <size>0x2da</size>
         <input_file_ref idref="fl-dc"/>
      </object_component>
      <object_component id="oc-1a">
         <name>.debug_info</name>
         <load_address>0x132cc</load_address>
         <run_address>0x132cc</run_address>
         <size>0x1df</size>
         <input_file_ref idref="fl-dc"/>
      </object_component>
      <object_component id="oc-42">
         <name>.debug_info</name>
         <load_address>0x134ab</load_address>
         <run_address>0x134ab</run_address>
         <size>0x46</size>
         <input_file_ref idref="fl-dc"/>
      </object_component>
      <object_component id="oc-8a">
         <name>.debug_info</name>
         <load_address>0x134f1</load_address>
         <run_address>0x134f1</run_address>
         <size>0x2c</size>
         <input_file_ref idref="fl-dc"/>
      </object_component>
      <object_component id="oc-53">
         <name>.debug_info</name>
         <load_address>0x1351d</load_address>
         <run_address>0x1351d</run_address>
         <size>0x2c9</size>
         <input_file_ref idref="fl-dd"/>
      </object_component>
      <object_component id="oc-22">
         <name>.debug_info</name>
         <load_address>0x137e6</load_address>
         <run_address>0x137e6</run_address>
         <size>0x1aa</size>
         <input_file_ref idref="fl-dd"/>
      </object_component>
      <object_component id="oc-4e">
         <name>.debug_info</name>
         <load_address>0x13990</load_address>
         <run_address>0x13990</run_address>
         <size>0x46</size>
         <input_file_ref idref="fl-dd"/>
      </object_component>
      <object_component id="oc-92">
         <name>.debug_info</name>
         <load_address>0x139d6</load_address>
         <run_address>0x139d6</run_address>
         <size>0x2c</size>
         <input_file_ref idref="fl-dd"/>
      </object_component>
      <object_component id="oc-b8">
         <name>.debug_info</name>
         <load_address>0x13a02</load_address>
         <run_address>0x13a02</run_address>
         <size>0x3ce</size>
         <input_file_ref idref="fl-de"/>
      </object_component>
      <object_component id="oc-b2">
         <name>.debug_info</name>
         <load_address>0x13dd0</load_address>
         <run_address>0x13dd0</run_address>
         <size>0x185</size>
         <input_file_ref idref="fl-de"/>
      </object_component>
      <object_component id="oc-6d">
         <name>.debug_info</name>
         <load_address>0x13f55</load_address>
         <run_address>0x13f55</run_address>
         <size>0x214</size>
         <input_file_ref idref="fl-de"/>
      </object_component>
      <object_component id="oc-149">
         <name>.debug_info</name>
         <load_address>0x14169</load_address>
         <run_address>0x14169</run_address>
         <size>0x132</size>
         <input_file_ref idref="fl-df"/>
      </object_component>
      <object_component id="oc-144">
         <name>.debug_info</name>
         <load_address>0x1429b</load_address>
         <run_address>0x1429b</run_address>
         <size>0x132</size>
         <input_file_ref idref="fl-e0"/>
      </object_component>
      <object_component id="oc-14f">
         <name>.debug_info</name>
         <load_address>0x143cd</load_address>
         <run_address>0x143cd</run_address>
         <size>0x136</size>
         <input_file_ref idref="fl-e1"/>
      </object_component>
      <object_component id="oc-3d">
         <name>.debug_info</name>
         <load_address>0x14503</load_address>
         <run_address>0x14503</run_address>
         <size>0x111</size>
         <input_file_ref idref="fl-e2"/>
      </object_component>
      <object_component id="oc-4b">
         <name>.debug_info</name>
         <load_address>0x14614</load_address>
         <run_address>0x14614</run_address>
         <size>0x13f</size>
         <input_file_ref idref="fl-e3"/>
      </object_component>
      <object_component id="oc-57">
         <name>.debug_info</name>
         <load_address>0x14753</load_address>
         <run_address>0x14753</run_address>
         <size>0x138</size>
         <input_file_ref idref="fl-e4"/>
      </object_component>
      <object_component id="oc-5b">
         <name>.debug_info</name>
         <load_address>0x1488b</load_address>
         <run_address>0x1488b</run_address>
         <size>0x148</size>
         <input_file_ref idref="fl-e5"/>
      </object_component>
      <object_component id="oc-1a9">
         <name>.debug_info</name>
         <load_address>0x149d3</load_address>
         <run_address>0x149d3</run_address>
         <size>0x3c6</size>
         <input_file_ref idref="fl-e6"/>
      </object_component>
      <object_component id="oc-f8">
         <name>.debug_info</name>
         <load_address>0x14d99</load_address>
         <run_address>0x14d99</run_address>
         <size>0x284</size>
         <input_file_ref idref="fl-e6"/>
      </object_component>
      <object_component id="oc-288">
         <name>.debug_info</name>
         <load_address>0x1501d</load_address>
         <run_address>0x1501d</run_address>
         <size>0xae</size>
         <input_file_ref idref="fl-e6"/>
      </object_component>
      <object_component id="oc-1b3">
         <name>.debug_info</name>
         <load_address>0x150cb</load_address>
         <run_address>0x150cb</run_address>
         <size>0x2af</size>
         <input_file_ref idref="fl-e7"/>
      </object_component>
      <object_component id="oc-1b0">
         <name>.debug_info</name>
         <load_address>0x1537a</load_address>
         <run_address>0x1537a</run_address>
         <size>0xf0</size>
         <input_file_ref idref="fl-e7"/>
      </object_component>
      <object_component id="oc-fb">
         <name>.debug_info</name>
         <load_address>0x1546a</load_address>
         <run_address>0x1546a</run_address>
         <size>0x1a4</size>
         <input_file_ref idref="fl-e7"/>
      </object_component>
      <object_component id="oc-1b5">
         <name>.debug_info</name>
         <load_address>0x1560e</load_address>
         <run_address>0x1560e</run_address>
         <size>0x355</size>
         <input_file_ref idref="fl-e8"/>
      </object_component>
      <object_component id="oc-103">
         <name>.debug_info</name>
         <load_address>0x15963</load_address>
         <run_address>0x15963</run_address>
         <size>0x2e4</size>
         <input_file_ref idref="fl-e8"/>
      </object_component>
      <object_component id="oc-27d">
         <name>.debug_info</name>
         <load_address>0x15c47</load_address>
         <run_address>0x15c47</run_address>
         <size>0x2c</size>
         <input_file_ref idref="fl-e8"/>
      </object_component>
      <object_component id="oc-73">
         <name>.debug_info</name>
         <load_address>0x15c73</load_address>
         <run_address>0x15c73</run_address>
         <size>0x109</size>
         <input_file_ref idref="fl-e9"/>
      </object_component>
      <object_component id="oc-192">
         <name>.debug_info</name>
         <load_address>0x15d7c</load_address>
         <run_address>0x15d7c</run_address>
         <size>0x28a</size>
         <input_file_ref idref="fl-ea"/>
      </object_component>
      <object_component id="oc-ef">
         <name>.debug_info</name>
         <load_address>0x16006</load_address>
         <run_address>0x16006</run_address>
         <size>0x231</size>
         <input_file_ref idref="fl-ea"/>
      </object_component>
      <object_component id="oc-140">
         <name>.debug_info</name>
         <load_address>0x16237</load_address>
         <run_address>0x16237</run_address>
         <size>0x126</size>
         <input_file_ref idref="fl-eb"/>
      </object_component>
      <object_component id="oc-178">
         <name>.debug_info</name>
[...]
      </symbol>
      <symbol id="sm-495">
         <name>WDT_A_startTimer</name>
         <value>0x544d</value>
         <object_component_ref idref="oc-152"/>
      </symbol>
      <symbol id="sm-496">
         <name>WDT_A_unregisterInterrupt</name>
         <value>0x54f1</value>
         <object_component_ref idref="oc-152"/>
      </symbol>
      <symbol id="sm-4a7">
         <name>_c_int00</name>
         <value>0x613d</value>
         <object_component_ref idref="oc-24"/>
      </symbol>
      <symbol id="sm-4a8">
         <name>__stack</name>
         <value>0x2000fe00</value>
         <object_component_ref idref="oc-2d"/>
      </symbol>
      <symbol id="sm-4c6">
         <name>__TI_decompress_lzss</name>
         <value>0x5d07</value>
         <object_component_ref idref="oc-12"/>
      </symbol>
      <symbol id="sm-4dd">
         <name>__TI_decompress_none</name>
         <value>0x6613</value>
         <object_component_ref idref="oc-18"/>
      </symbol>
      <symbol id="sm-4f4">
         <name>__TI_zero_init</name>
         <value>0x6621</value>
         <object_component_ref idref="oc-1e"/>
      </symbol>
      <symbol id="sm-515">
         <name>C$$EXIT</name>
         <value>0x6191</value>
         <object_component_ref idref="oc-6c"/>
      </symbol>
      <symbol id="sm-516">
         <name>abort</name>
         <value>0x6195</value>
         <object_component_ref idref="oc-6c"/>
      </symbol>
      <symbol id="sm-517">
         <name>exit</name>
         <value>0x619d</value>
         <object_component_ref idref="oc-6c"/>
      </symbol>
      <symbol id="sm-518">
         <name>__TI_dtors_ptr</name>
         <value>0x20000780</value>
         <object_component_ref idref="oc-b1"/>
      </symbol>
      <symbol id="sm-519">
         <name>__TI_cleanup_ptr</name>
         <value>0x2000077c</value>
         <object_component_ref idref="oc-b1"/>
      </symbol>
      <symbol id="sm-51a">
         <name>__TI_enable_exit_profile_output</name>
         <value>0x20000784</value>
         <object_component_ref idref="oc-b1"/>
      </symbol>
      <symbol id="sm-52e">
         <name>__aeabi_ddiv</name>
         <value>0x4eef</value>
         <object_component_ref idref="oc-148"/>
      </symbol>
      <symbol id="sm-539">
         <name>__aeabi_dmul</name>
         <value>0x5159</value>
         <object_component_ref idref="oc-143"/>
      </symbol>
      <symbol id="sm-545">
         <name>__aeabi_d2f</name>
         <value>0x5c99</value>
         <object_component_ref idref="oc-14d"/>
      </symbol>
      <symbol id="sm-560">
         <name>memcpy</name>
         <value>0x57f5</value>
         <object_component_ref idref="oc-3c"/>
      </symbol>
      <symbol id="sm-561">
         <name>__aeabi_memcpy</name>
         <value>0x57f5</value>
         <object_component_ref idref="oc-3c"/>
      </symbol>
      <symbol id="sm-562">
         <name>__aeabi_memcpy8</name>
         <value>0x57f5</value>
         <object_component_ref idref="oc-3c"/>
      </symbol>
      <symbol id="sm-563">
         <name>__aeabi_memcpy4</name>
         <value>0x57f5</value>
         <object_component_ref idref="oc-3c"/>
      </symbol>
      <symbol id="sm-572">
         <name>__aeabi_memset</name>
         <value>0x5acf</value>
         <object_component_ref idref="oc-48"/>
      </symbol>
      <symbol id="sm-573">
         <name>memset</name>
         <value>0x5ad5</value>
         <object_component_ref idref="oc-48"/>
      </symbol>
      <symbol id="sm-574">
         <name>__aeabi_memset8</name>
         <value>0x5acf</value>
         <object_component_ref idref="oc-48"/>
      </symbol>
      <symbol id="sm-575">
         <name>__aeabi_memset4</name>
         <value>0x5acf</value>
         <object_component_ref idref="oc-48"/>
      </symbol>
      <symbol id="sm-576">
         <name>__aeabi_memclr8</name>
         <value>0x5acd</value>
         <object_component_ref idref="oc-48"/>
      </symbol>
      <symbol id="sm-577">
         <name>__aeabi_memclr4</name>
         <value>0x5acd</value>
         <object_component_ref idref="oc-48"/>
      </symbol>
      <symbol id="sm-578">
         <name>__aeabi_memclr</name>
         <value>0x5acd</value>
         <object_component_ref idref="oc-48"/>
      </symbol>
      <symbol id="sm-582">
         <name>__mpu_init</name>
         <value>0x3633</value>
         <object_component_ref idref="oc-54"/>
      </symbol>
      <symbol id="sm-58c">
         <name>_system_pre_init</name>
         <value>0x662d</value>
         <object_component_ref idref="oc-5a"/>
      </symbol>
      <symbol id="sm-5aa">
         <name>printf</name>
         <value>0x5c31</value>
         <object_component_ref idref="oc-f4"/>
      </symbol>
      <symbol id="sm-5c4">
         <name>rand</name>
         <value>0x62e7</value>
         <object_component_ref idref="oc-fa"/>
      </symbol>
      <symbol id="sm-5c5">
         <name>srand</name>
         <value>0x62d1</value>
         <object_component_ref idref="oc-fa"/>
      </symbol>
      <symbol id="sm-5de">
         <name>sprintf</name>
         <value>0x5fd1</value>
         <object_component_ref idref="oc-100"/>
      </symbol>
      <symbol id="sm-5e6">
         <name>main_func_sp</name>
         <value>0x200007dc</value>
         <object_component_ref idref="oc-72"/>
      </symbol>
      <symbol id="sm-5f4">
         <name>strcpy</name>
         <value>0x65d9</value>
         <object_component_ref idref="oc-ee"/>
      </symbol>
      <symbol id="sm-5fe">
         <name>__aeabi_ui2d</name>
         <value>0x652d</value>
         <object_component_ref idref="oc-13e"/>
      </symbol>
      <symbol id="sm-617">
         <name>_nop</name>
         <value>0x65bf</value>
         <object_component_ref idref="oc-170"/>
      </symbol>
      <symbol id="sm-618">
         <name>_lock</name>
         <value>0x200007a0</value>
         <object_component_ref idref="oc-b4"/>
      </symbol>
      <symbol id="sm-619">
         <name>_unlock</name>
         <value>0x200007a4</value>
         <object_component_ref idref="oc-b4"/>
      </symbol>
      <symbol id="sm-61a">
         <name>_register_lock</name>
         <value>0x65b7</value>
         <object_component_ref idref="oc-170"/>
      </symbol>
      <symbol id="sm-61b">
         <name>_register_unlock</name>
         <value>0x65b1</value>
         <object_component_ref idref="oc-170"/>
      </symbol>
      <symbol id="sm-71c">
         <name>__TI_printfi</name>
         <value>0x2d39</value>
         <object_component_ref idref="oc-19f"/>
      </symbol>
      <symbol id="sm-730">
         <name>_args_main</name>
         <value>0x6569</value>
         <object_component_ref idref="oc-66"/>
      </symbol>
      <symbol id="sm-746">
         <name>atoi</name>
         <value>0x6239</value>
         <object_component_ref idref="oc-265"/>
      </symbol>
      <symbol id="sm-770">
         <name>__TI_auto_init</name>
         <value>0x5b49</value>
         <object_component_ref idref="oc-60"/>
      </symbol>
      <symbol id="sm-78a">
         <name>copy_in</name>
         <value>0x6285</value>
         <object_component_ref idref="oc-9b"/>
      </symbol>
      <symbol id="sm-795">
         <name>_ctypes_</name>
         <value>0x6630</value>
         <object_component_ref idref="oc-2f5"/>
      </symbol>
      <symbol id="sm-7aa">
         <name>__TI_tmpnams</name>
         <value>0x20000904</value>
      </symbol>
      <symbol id="sm-7ab">
         <name>__aeabi_stdout</name>
         <value>0x20000774</value>
         <object_component_ref idref="oc-2c7"/>
      </symbol>
      <symbol id="sm-7ac">
         <name>__aeabi_stderr</name>
         <value>0x20000778</value>
         <object_component_ref idref="oc-2c7"/>
      </symbol>
      <symbol id="sm-7ad">
         <name>__aeabi_stdin</name>
         <value>0x20000770</value>
         <object_component_ref idref="oc-2c7"/>
      </symbol>
      <symbol id="sm-7ae">
         <name>_ftable</name>
         <value>0x200004e8</value>
         <object_component_ref idref="oc-1a5"/>
      </symbol>
      <symbol id="sm-7af">
         <name>__TI_ft_end</name>
         <value>0x2000076c</value>
         <object_component_ref idref="oc-2c7"/>
      </symbol>
      <symbol id="sm-7c6">
         <name>__aeabi_dsub</name>
         <value>0x4d39</value>
         <object_component_ref idref="oc-24e"/>
      </symbol>
      <symbol id="sm-7c7">
         <name>__aeabi_dadd</name>
         <value>0x4d43</value>
         <object_component_ref idref="oc-24e"/>
      </symbol>
      <symbol id="sm-7e9">
         <name>__aeabi_cdcmpeq</name>
         <value>0x59c1</value>
         <object_component_ref idref="oc-234"/>
      </symbol>
      <symbol id="sm-7ea">
         <name>__aeabi_cdcmple</name>
         <value>0x59c1</value>
         <object_component_ref idref="oc-234"/>
      </symbol>
      <symbol id="sm-7eb">
         <name>__aeabi_cdrcmple</name>
         <value>0x5a47</value>
         <object_component_ref idref="oc-239"/>
      </symbol>
      <symbol id="sm-7f5">
         <name>__aeabi_d2iz</name>
         <value>0x631d</value>
         <object_component_ref idref="oc-23e"/>
      </symbol>
      <symbol id="sm-80c">
         <name>putc</name>
         <value>0x5929</value>
         <object_component_ref idref="oc-193"/>
      </symbol>
      <symbol id="sm-80d">
         <name>fputc</name>
         <value>0x5929</value>
         <object_component_ref idref="oc-193"/>
      </symbol>
      <symbol id="sm-80e">
         <name>putchar</name>
         <value>0x59ad</value>
         <object_component_ref idref="oc-193"/>
      </symbol>
      <symbol id="sm-830">
         <name>puts</name>
         <value>0x5131</value>
         <object_component_ref idref="oc-199"/>
      </symbol>
      <symbol id="sm-831">
         <name>fputs</name>
         <value>0x5025</value>
         <object_component_ref idref="oc-199"/>
      </symbol>
      <symbol id="sm-83b">
         <name>__aeabi_i2d</name>
         <value>0x6461</value>
         <object_component_ref idref="oc-249"/>
      </symbol>
      <symbol id="sm-84a">
         <name>ltoa</name>
         <value>0x61e5</value>
         <object_component_ref idref="oc-243"/>
      </symbol>
      <symbol id="sm-85a">
         <name>memccpy</name>
         <value>0x654d</value>
         <object_component_ref idref="oc-26b"/>
      </symbol>
      <symbol id="sm-86a">
         <name>memchr</name>
         <value>0x650d</value>
         <object_component_ref idref="oc-227"/>
      </symbol>
      <symbol id="sm-885">
         <name>frexpl</name>
         <value>0x5f0d</value>
         <object_component_ref idref="oc-253"/>
      </symbol>
      <symbol id="sm-886">
         <name>frexp</name>
         <value>0x5f0d</value>
         <object_component_ref idref="oc-253"/>
      </symbol>
      <symbol id="sm-8a3">
         <name>scalbn</name>
         <value>0x5255</value>
         <object_component_ref idref="oc-259"/>
      </symbol>
      <symbol id="sm-8a4">
         <name>scalbnl</name>
         <value>0x5255</value>
         <object_component_ref idref="oc-259"/>
      </symbol>
      <symbol id="sm-8a5">
         <name>ldexpl</name>
         <value>0x5255</value>
         <object_component_ref idref="oc-259"/>
      </symbol>
      <symbol id="sm-8a6">
         <name>ldexp</name>
         <value>0x5255</value>
         <object_component_ref idref="oc-259"/>
      </symbol>
      <symbol id="sm-8b0">
         <name>_system_post_cinit</name>
         <value>0x5b47</value>
         <object_component_ref idref="oc-a1"/>
      </symbol>
      <symbol id="sm-8c0">
         <name>strchr</name>
         <value>0x6599</value>
         <object_component_ref idref="oc-25f"/>
      </symbol>
      <symbol id="sm-8ce">
         <name>strlen</name>
         <value>0x65ed</value>
         <object_component_ref idref="oc-221"/>
      </symbol>
      <symbol id="sm-8ea">
         <name>__aeabi_uldivmod</name>
         <value>0x4981</value>
         <object_component_ref idref="oc-22f"/>
      </symbol>
      <symbol id="sm-910">
         <name>_stream</name>
         <value>0x200006b4</value>
         <object_component_ref idref="oc-2cc"/>
      </symbol>
      <symbol id="sm-911">
         <name>_device</name>
         <value>0x200005d8</value>
         <object_component_ref idref="oc-339"/>
      </symbol>
      <symbol id="sm-912">
         <name>write</name>
         <value>0x64e5</value>
         <object_component_ref idref="oc-219"/>
      </symbol>
      <symbol id="sm-930">
         <name>__TI_wrt_ok</name>
         <value>0x5749</value>
         <object_component_ref idref="oc-20d"/>
      </symbol>
      <symbol id="sm-931">
         <name>__TI_rd_ok</name>
         <value>0x57ab</value>
         <object_component_ref idref="oc-20d"/>
      </symbol>
      <symbol id="sm-939">
         <name>errno</name>
         <value>0x200007cc</value>
         <object_component_ref idref="oc-2ee"/>
      </symbol>
      <symbol id="sm-953">
         <name>__TI_doflush</name>
         <value>0x5505</value>
         <object_component_ref idref="oc-213"/>
      </symbol>
      <symbol id="sm-954">
         <name>fflush</name>
         <value>0x5551</value>
         <object_component_ref idref="oc-213"/>
      </symbol>
      <symbol id="sm-966">
         <name>fseek</name>
         <value>0x5ea9</value>
         <object_component_ref idref="oc-2b9"/>
      </symbol>
      <symbol id="sm-977">
         <name>HOSTclose</name>
         <value>0x6365</value>
         <object_component_ref idref="oc-37f"/>
      </symbol>
      <symbol id="sm-988">
         <name>HOSTlseek</name>
         <value>0x5d71</value>
         <object_component_ref idref="oc-391"/>
      </symbol>
      <symbol id="sm-99a">
         <name>parmbuf</name>
         <value>0x200009bc</value>
      </symbol>
      <symbol id="sm-99b">
         <name>HOSTopen</name>
         <value>0x5f71</value>
         <object_component_ref idref="oc-379"/>
      </symbol>
      <symbol id="sm-9ac">
         <name>HOSTread</name>
         <value>0x608d</value>
         <object_component_ref idref="oc-385"/>
      </symbol>
      <symbol id="sm-9bd">
         <name>HOSTrename</name>
         <value>0x5dd9</value>
         <object_component_ref idref="oc-39d"/>
      </symbol>
      <symbol id="sm-9ce">
         <name>HOSTunlink</name>
         <value>0x63a9</value>
         <object_component_ref idref="oc-397"/>
      </symbol>
      <symbol id="sm-9df">
         <name>HOSTwrite</name>
         <value>0x60e5</value>
         <object_component_ref idref="oc-38b"/>
      </symbol>
      <symbol id="sm-9ef">
         <name>lseek</name>
         <value>0x64bd</value>
         <object_component_ref idref="oc-318"/>
      </symbol>
      <symbol id="sm-9f9">
         <name>copysign</name>
         <value>0x65c5</value>
         <object_component_ref idref="oc-2e8"/>
      </symbol>
      <symbol id="sm-9fa">
         <name>copysignl</name>
         <value>0x65c5</value>
         <object_component_ref idref="oc-2e8"/>
      </symbol>
      <symbol id="sm-a16">
         <name>setvbuf</name>
         <value>0x5351</value>
         <object_component_ref idref="oc-2bf"/>
      </symbol>
      <symbol id="sm-a31">
         <name>__TI_readmsg</name>
         <value>0x5e73</value>
         <object_component_ref idref="oc-3c5"/>
      </symbol>
      <symbol id="sm-a32">
         <name>C$$IO$$</name>
         <value>0x5e6f</value>
         <object_component_ref idref="oc-3c5"/>
      </symbol>
      <symbol id="sm-a33">
         <name>__CIOBUF_</name>
         <value>0x200007e4</value>
         <object_component_ref idref="oc-3f1"/>
      </symbol>
      <symbol id="sm-a34">
         <name>__TI_writemsg</name>
         <value>0x5e41</value>
         <object_component_ref idref="oc-3c5"/>
      </symbol>
      <symbol id="sm-a6b">
         <name>__TI_cleanup</name>
         <value>0x4c3d</value>
         <object_component_ref idref="oc-326"/>
      </symbol>
      <symbol id="sm-a6c">
         <name>freopen</name>
         <value>0x4c69</value>
         <object_component_ref idref="oc-326"/>
      </symbol>
      <symbol id="sm-a6d">
         <name>fopen</name>
         <value>0x4c93</value>
         <object_component_ref idref="oc-326"/>
      </symbol>
      <symbol id="sm-adf">
         <name>_sys_memory</name>
         <value>0x200000e8</value>
         <object_component_ref idref="oc-2e"/>
      </symbol>
      <symbol id="sm-ae0">
         <name>free</name>
         <value>0x412f</value>
         <object_component_ref idref="oc-320"/>
      </symbol>
      <symbol id="sm-ae1">
         <name>realloc</name>
         <value>0x41ef</value>
         <object_component_ref idref="oc-320"/>
      </symbol>
      <symbol id="sm-ae2">
         <name>memalign</name>
         <value>0x42f9</value>
         <object_component_ref idref="oc-320"/>
      </symbol>
      <symbol id="sm-ae3">
         <name>calloc</name>
         <value>0x43e5</value>
         <object_component_ref idref="oc-320"/>
      </symbol>
      <symbol id="sm-ae4">
         <name>malloc</name>
         <value>0x40c5</value>
         <object_component_ref idref="oc-320"/>
      </symbol>
      <symbol id="sm-ae5">
         <name>minit</name>
         <value>0x4045</value>
         <object_component_ref idref="oc-320"/>
      </symbol>
      <symbol id="sm-b02">
         <name>open</name>
         <value>0x568d</value>
         <object_component_ref idref="oc-368"/>
      </symbol>
      <symbol id="sm-b18">
         <name>__TI_closefile</name>
         <value>0x5891</value>
         <object_component_ref idref="oc-36e"/>
      </symbol>
      <symbol id="sm-b19">
         <name>fclose</name>
         <value>0x58f7</value>
         <object_component_ref idref="oc-36e"/>
      </symbol>
      <symbol id="sm-b33">
         <name>finddevice</name>
         <value>0x5bb9</value>
         <object_component_ref idref="oc-3ab"/>
      </symbol>
      <symbol id="sm-b34">
         <name>getdevice</name>
         <value>0x5be3</value>
         <object_component_ref idref="oc-3ab"/>
      </symbol>
      <symbol id="sm-b44">
         <name>strcmp</name>
         <value>0x6581</value>
         <object_component_ref idref="oc-3db"/>
      </symbol>
      <symbol id="sm-b54">
         <name>strncpy</name>
         <value>0x642b</value>
         <object_component_ref idref="oc-3e1"/>
      </symbol>
      <symbol id="sm-b64">
         <name>unlink</name>
         <value>0x6491</value>
         <object_component_ref idref="oc-3ba"/>
      </symbol>
      <symbol id="sm-b78">
         <name>close</name>
         <value>0x6031</value>
         <object_component_ref idref="oc-3b4"/>
      </symbol>
      <symbol id="sm-b79">
         <name>__TI_static_base__</name>
         <value>0x0</value>
      </symbol>
      <symbol id="sm-b7c">
         <name>SHT$$INIT_ARRAY$$Limit</name>
         <value>0x0</value>
      </symbol>
      <symbol id="sm-b7d">
         <name>SHT$$INIT_ARRAY$$Base</name>
         <value>0x0</value>
      </symbol>
      <symbol id="sm-b7e">
         <name>remove</name>
         <value>0x6491</value>
      </symbol>
   </symbol_table>
   <title>Link successful</title>
</link_info>
